<html>
<body>
<pre>
<h1>µVision Build Log</h1>
<h2>Tool Versions:</h2>
IDE-Version: µVision V5.24.2.0
Copyright (C) 2017 ARM Ltd and ARM Germany GmbH. All rights reserved.
License Information: CPE CPE, CPE, LIC=JDA01-C9X15-JPEZQ-N9XSE-Q36TN-TQMAD
 
Tool Versions:
Toolchain:       MDK-ARM Professional  Version: 5.24.1
Toolchain Path:  C:\Keil_v5\ARM\ARMCC\Bin
C Compiler:      Armcc.exe V5.06 update 5 (build 528)
Assembler:       Armasm.exe V5.06 update 5 (build 528)
Linker/Locator:  ArmLink.exe V5.06 update 5 (build 528)
Library Manager: ArmAr.exe V5.06 update 5 (build 528)
Hex Converter:   FromElf.exe V5.06 update 5 (build 528)
CPU DLL:         SARMCM3.DLL V5.24.1
Dialog DLL:      DCM.DLL V1.16.0.0
Target DLL:      STLink\ST-LINKIII-KEIL_SWO.dll V3.0.1.0
Dialog DLL:      TCM.DLL V1.32.0.0
 
<h2>Project:</h2>
C:\en.stm32cubef7\STM32Cube_FW_F7_V1.8.0\Projects\STM32746G-Discovery\Applications\FreeRTOS\Domotique-X10\MDK-ARM\Project.uvprojx
Project File Date:  10/10/2018

<h2>Output:</h2>
*** Using Compiler 'V5.06 update 5 (build 528)', folder: 'C:\Keil_v5\ARM\ARMCC\Bin'
Rebuild target 'STM32746G_DISCOVERY'
compiling stm32f7xx_hal_gpio.c...
compiling stm32f7xx_hal_tim_ex.c...
compiling stm32746g_discovery.c...
compiling stm32f7xx_hal_dma.c...
compiling stm32f7xx_hal_adc.c...
compiling stm32f7xx_hal_i2c.c...
compiling stm32f7xx_hal_rcc_ex.c...
compiling stm32f7xx_hal_uart.c...
compiling stm32f7xx_hal_tim.c...
compiling stm32f7xx_hal.c...
compiling stm32f7xx_hal_cortex.c...
compiling stm32f7xx_hal_cec.c...
compiling stm32f7xx_hal_i2c_ex.c...
compiling stm32f7xx_hal_pwr_ex.c...
compiling cmsis_os.c...
compiling heap_4.c...
compiling port.c...
compiling stm32f7xx_hal_rcc.c...
compiling queue.c...
compiling event_groups.c...
compiling timers.c...
compiling tasks.c...
compiling croutine.c...
compiling list.c...
assembling startup_stm32f746xx.s...
compiling stm32f7xx_hal_adc_ex.c...
compiling main.c...
compiling stm32f7xx_hal_timebase_tim.c...
compiling system_stm32f7xx.c...
compiling stm32f7xx_it.c...
linking...
Program Size: Code=6524 RO-data=564 RW-data=108 ZI-data=3492  
"STM32746G_DISCOVERY\STM32746G_DISCOVERY.axf" - 0 Error(s), 0 Warning(s).

<h2>Software Packages used:</h2>

Package Vendor: ARM
                http://www.keil.com/pack/ARM.CMSIS.5.1.0.pack
                ARM.CMSIS.5.1.0
                CMSIS (Cortex Microcontroller Software Interface Standard)
   * Component: CORE Version: 5.0.2

Package Vendor: Keil
                http://www.keil.com/pack/Keil.STM32F7xx_DFP.2.9.0.pack
                Keil.STM32F7xx_DFP.2.9.0
                STMicroelectronics STM32F7 Series Device Support, Drivers and Examples

<h2>Collection of Component include folders:</h2>
  .\RTE\_STM32746G_DISCOVERY
  C:\Keil_v5\ARM\PACK\ARM\CMSIS\5.1.0\CMSIS\Include
  C:\Keil_v5\ARM\PACK\Keil\STM32F7xx_DFP\2.9.0\Drivers\CMSIS\Device\ST\STM32F7xx\Include

<h2>Collection of Component Files used:</h2>

   * Component: ARM::CMSIS:CORE:5.0.2
Build Time Elapsed:  00:00:24
</pre>
</body>
</html>
